This is pdfTeX, Version 3.141592653-2.6-1.40.27 (MiKTeX 25.4) (preloaded format=pdflatex 2025.8.19)  1 SEP 2025 22:30
entering extended mode
 restricted \write18 enabled.
 %&-line parsing enabled.
**./2.0.tex
(2.0.tex
LaTeX2e <2025-06-01> patch level 1
L3 programming layer <2025-07-19>
(C:\Users\lenovo\AppData\Local\Programs\MiKTeX\tex/latex/base\article.cls
Document Class: article 2025/01/22 v1.4n Standard LaTeX document class
(C:\Users\lenovo\AppData\Local\Programs\MiKTeX\tex/latex/base\size10.clo
File: size10.clo 2025/01/22 v1.4n Standard LaTeX file (size option)
)
\c@part=\count275
\c@section=\count276
\c@subsection=\count277
\c@subsubsection=\count278
\c@paragraph=\count279
\c@subparagraph=\count280
\c@figure=\count281
\c@table=\count282
\abovecaptionskip=\skip49
\belowcaptionskip=\skip50
\bibindent=\dimen148
)
(C:\Users\lenovo\AppData\Local\Programs\MiKTeX\tex/latex/amsmath\amsmath.sty
Package: amsmath 2025/06/16 v2.17y AMS math features
\@mathmargin=\skip51

For additional information on amsmath, use the `?' option.
(C:\Users\lenovo\AppData\Local\Programs\MiKTeX\tex/latex/amsmath\amstext.sty
Package: amstext 2024/11/17 v2.01 AMS text

(C:\Users\lenovo\AppData\Local\Programs\MiKTeX\tex/latex/amsmath\amsgen.sty
File: amsgen.sty 1999/11/30 v2.0 generic functions
\@emptytoks=\toks17
\ex@=\dimen149
))
(C:\Users\lenovo\AppData\Local\Programs\MiKTeX\tex/latex/amsmath\amsbsy.sty
Package: amsbsy 1999/11/29 v1.2d Bold Symbols
\pmbraise@=\dimen150
)
(C:\Users\lenovo\AppData\Local\Programs\MiKTeX\tex/latex/amsmath\amsopn.sty
Package: amsopn 2022/04/08 v2.04 operator names
)
\inf@bad=\count283
LaTeX Info: Redefining \frac on input line 233.
\uproot@=\count284
\leftroot@=\count285
LaTeX Info: Redefining \overline on input line 398.
LaTeX Info: Redefining \colon on input line 409.
\classnum@=\count286
\DOTSCASE@=\count287
LaTeX Info: Redefining \ldots on input line 495.
LaTeX Info: Redefining \dots on input line 498.
LaTeX Info: Redefining \cdots on input line 619.
\Mathstrutbox@=\box53
\strutbox@=\box54
LaTeX Info: Redefining \big on input line 721.
LaTeX Info: Redefining \Big on input line 722.
LaTeX Info: Redefining \bigg on input line 723.
LaTeX Info: Redefining \Bigg on input line 724.
\big@size=\dimen151
LaTeX Font Info:    Redeclaring font encoding OML on input line 742.
LaTeX Font Info:    Redeclaring font encoding OMS on input line 743.
\macc@depth=\count288
LaTeX Info: Redefining \bmod on input line 904.
LaTeX Info: Redefining \pmod on input line 909.
LaTeX Info: Redefining \smash on input line 939.
LaTeX Info: Redefining \relbar on input line 969.
LaTeX Info: Redefining \Relbar on input line 970.
\c@MaxMatrixCols=\count289
\dotsspace@=\muskip17
\c@parentequation=\count290
\dspbrk@lvl=\count291
\tag@help=\toks18
\row@=\count292
\column@=\count293
\maxfields@=\count294
\andhelp@=\toks19
\eqnshift@=\dimen152
\alignsep@=\dimen153
\tagshift@=\dimen154
\tagwidth@=\dimen155
\totwidth@=\dimen156
\lineht@=\dimen157
\@envbody=\toks20
\multlinegap=\skip52
\multlinetaggap=\skip53
\mathdisplay@stack=\toks21
LaTeX Info: Redefining \[ on input line 2949.
LaTeX Info: Redefining \] on input line 2950.
)
(C:\Users\lenovo\AppData\Local\Programs\MiKTeX\tex/latex/geometry\geometry.sty
Package: geometry 2020/01/02 v5.9 Page Geometry

(C:\Users\lenovo\AppData\Local\Programs\MiKTeX\tex/latex/graphics\keyval.sty
Package: keyval 2022/05/29 v1.15 key=value parser (DPC)
\KV@toks@=\toks22
)
(C:\Users\lenovo\AppData\Local\Programs\MiKTeX\tex/generic/iftex\ifvtex.sty
Package: ifvtex 2019/10/25 v1.7 ifvtex legacy package. Use iftex instead.

(C:\Users\lenovo\AppData\Local\Programs\MiKTeX\tex/generic/iftex\iftex.sty
Package: iftex 2024/12/12 v1.0g TeX engine tests
))
\Gm@cnth=\count295
\Gm@cntv=\count296
\c@Gm@tempcnt=\count297
\Gm@bindingoffset=\dimen158
\Gm@wd@mp=\dimen159
\Gm@odd@mp=\dimen160
\Gm@even@mp=\dimen161
\Gm@layoutwidth=\dimen162
\Gm@layoutheight=\dimen163
\Gm@layouthoffset=\dimen164
\Gm@layoutvoffset=\dimen165
\Gm@dimlist=\toks23

(C:\Users\lenovo\AppData\Local\Programs\MiKTeX\tex/latex/geometry\geometry.cfg)
) (C:\Users\lenovo\AppData\Local\Programs\MiKTeX\tex/latex/tools\tabularx.sty
Package: tabularx 2023/12/11 v2.12a `tabularx' package (DPC)

(C:\Users\lenovo\AppData\Local\Programs\MiKTeX\tex/latex/tools\array.sty
Package: array 2025/06/08 v2.6j Tabular extension package (FMi)
\col@sep=\dimen166
\ar@mcellbox=\box55
\extrarowheight=\dimen167
\NC@list=\toks24
\extratabsurround=\skip54
\backup@length=\skip55
\ar@cellbox=\box56
)
\TX@col@width=\dimen168
\TX@old@table=\dimen169
\TX@old@col=\dimen170
\TX@target=\dimen171
\TX@delta=\dimen172
\TX@cols=\count298
\TX@ftn=\toks25
)
(C:\Users\lenovo\AppData\Local\Programs\MiKTeX\tex/latex/graphics\graphicx.sty
Package: graphicx 2024/12/31 v1.2e Enhanced LaTeX Graphics (DPC,SPQR)

(C:\Users\lenovo\AppData\Local\Programs\MiKTeX\tex/latex/graphics\graphics.sty
Package: graphics 2024/08/06 v1.4g Standard LaTeX Graphics (DPC,SPQR)

(C:\Users\lenovo\AppData\Local\Programs\MiKTeX\tex/latex/graphics\trig.sty
Package: trig 2023/12/02 v1.11 sin cos tan (DPC)
)
(C:\Users\lenovo\AppData\Local\Programs\MiKTeX\tex/latex/graphics-cfg\graphics.
cfg
File: graphics.cfg 2016/06/04 v1.11 sample graphics configuration
)
Package graphics Info: Driver file: pdftex.def on input line 106.

(C:\Users\lenovo\AppData\Local\Programs\MiKTeX\tex/latex/graphics-def\pdftex.de
f
File: pdftex.def 2024/04/13 v1.2c Graphics/color driver for pdftex
))
\Gin@req@height=\dimen173
\Gin@req@width=\dimen174
)
(C:\Users\lenovo\AppData\Local\Programs\MiKTeX\tex/latex/l3backend\l3backend-pd
ftex.def
File: l3backend-pdftex.def 2025-06-09 L3 backend support: PDF output (pdfTeX)
\l__color_backend_stack_int=\count299
) (2.0.aux

LaTeX Warning: Label `fig:my_label' multiply defined.


LaTeX Warning: Label `fig:my_label' multiply defined.


LaTeX Warning: Label `fig:my_label' multiply defined.


LaTeX Warning: Label `fig:my_label' multiply defined.


LaTeX Warning: Label `fig:my_label' multiply defined.


LaTeX Warning: Label `fig:my_label' multiply defined.


LaTeX Warning: Label `fig:my_label' multiply defined.


LaTeX Warning: Label `fig:my_label' multiply defined.


LaTeX Warning: Label `fig:my_label' multiply defined.


LaTeX Warning: Label `fig:my_label' multiply defined.


LaTeX Warning: Label `fig:my_label' multiply defined.


LaTeX Warning: Label `fig:my_label' multiply defined.

)
\openout1 = `2.0.aux'.

LaTeX Font Info:    Checking defaults for OML/cmm/m/it on input line 8.
LaTeX Font Info:    ... okay on input line 8.
LaTeX Font Info:    Checking defaults for OMS/cmsy/m/n on input line 8.
LaTeX Font Info:    ... okay on input line 8.
LaTeX Font Info:    Checking defaults for OT1/cmr/m/n on input line 8.
LaTeX Font Info:    ... okay on input line 8.
LaTeX Font Info:    Checking defaults for T1/cmr/m/n on input line 8.
LaTeX Font Info:    ... okay on input line 8.
LaTeX Font Info:    Checking defaults for TS1/cmr/m/n on input line 8.
LaTeX Font Info:    ... okay on input line 8.
LaTeX Font Info:    Checking defaults for OMX/cmex/m/n on input line 8.
LaTeX Font Info:    ... okay on input line 8.
LaTeX Font Info:    Checking defaults for U/cmr/m/n on input line 8.
LaTeX Font Info:    ... okay on input line 8.

*geometry* driver: auto-detecting
*geometry* detected driver: pdftex
*geometry* verbose mode - [ preamble ] result:
* driver: pdftex
* paper: <default>
* layout: <same size as paper>
* layoutoffset:(h,v)=(0.0pt,0.0pt)
* modes: 
* h-part:(L,W,R)=(72.26999pt, 469.75502pt, 72.26999pt)
* v-part:(T,H,B)=(72.26999pt, 650.43001pt, 72.26999pt)
* \paperwidth=614.295pt
* \paperheight=794.96999pt
* \textwidth=469.75502pt
* \textheight=650.43001pt
* \oddsidemargin=0.0pt
* \evensidemargin=0.0pt
* \topmargin=-37.0pt
* \headheight=12.0pt
* \headsep=25.0pt
* \topskip=10.0pt
* \footskip=30.0pt
* \marginparwidth=65.0pt
* \marginparsep=11.0pt
* \columnsep=10.0pt
* \skip\footins=9.0pt plus 4.0pt minus 2.0pt
* \hoffset=0.0pt
* \voffset=0.0pt
* \mag=1000
* \@twocolumnfalse
* \@twosidefalse
* \@mparswitchfalse
* \@reversemarginfalse
* (1in=72.27pt=25.4mm, 1cm=28.453pt)


(C:\Users\lenovo\AppData\Local\Programs\MiKTeX\tex/context/base/mkii\supp-pdf.m
kii
[Loading MPS to PDF converter (version 2006.09.02).]
\scratchcounter=\count300
\scratchdimen=\dimen175
\scratchbox=\box57
\nofMPsegments=\count301
\nofMParguments=\count302
\everyMPshowfont=\toks26
\MPscratchCnt=\count303
\MPscratchDim=\dimen176
\MPnumerator=\count304
\makeMPintoPDFobject=\count305
\everyMPtoPDFconversion=\toks27
)
(C:\Users\lenovo\AppData\Local\Programs\MiKTeX\tex/latex/epstopdf-pkg\epstopdf-
base.sty
Package: epstopdf-base 2020-01-24 v2.11 Base part for package epstopdf
Package epstopdf-base Info: Redefining graphics rule for `.eps' on input line 4
85.

(C:\Users\lenovo\AppData\Local\Programs\MiKTeX\tex/latex/00miktex\epstopdf-sys.
cfg
File: epstopdf-sys.cfg 2021/03/18 v2.0 Configuration of epstopdf for MiKTeX
))
<IITD.png, id=1, 869.2475pt x 652.4375pt>
File: IITD.png Graphic file (type png)
<use IITD.png>
Package pdftex.def Info: IITD.png  used on input line 13.
(pdftex.def)             Requested size: 375.80544pt x 282.07578pt.

Underfull \hbox (badness 10000) in paragraph at lines 18--20

 []


Underfull \hbox (badness 10000) in paragraph at lines 18--20

 []


Underfull \hbox (badness 10000) in paragraph at lines 18--20

 []



[1

{C:/Users/lenovo/AppData/Local/MiKTeX/fonts/map/pdftex/pdftex.map} <./IITD.png>
]
Underfull \hbox (badness 10000) in paragraph at lines 82--82
[]|\OT1/cmr/bx/n/9 Value of Re-sis-
 []


Underfull \hbox (badness 6047) in paragraph at lines 82--82
\OT1/cmr/bx/n/9 tances read from
 []


Underfull \hbox (badness 2582) in paragraph at lines 82--82
\OT1/cmr/bx/n/9 colour codes with
 []


Underfull \hbox (badness 2726) in paragraph at lines 82--82
[]|\OT1/cmr/bx/n/9 Tolerance (if that
 []


Underfull \hbox (badness 3108) in paragraph at lines 82--82
\OT1/cmr/bx/n/9 band is vis-i-ble /
 []


Underfull \hbox (badness 7203) in paragraph at lines 82--82
\OT1/cmr/bx/n/9 mea-sured by the
 []



[2]
<table_1.jpeg, id=19, 1284.8pt x 1157.32375pt>
File: table_1.jpeg Graphic file (type jpg)
<use table_1.jpeg>
Package pdftex.def Info: table_1.jpeg  used on input line 96.
(pdftex.def)             Requested size: 469.75502pt x 423.13486pt.


[3 <./table_1.jpeg>]
Underfull \hbox (badness 10000) in paragraph at lines 124--124
[]|\OT1/cmr/bx/it/9 V \OT1/cmr/bx/n/9 and \OT1/cmr/bx/it/9 I
 []


Underfull \hbox (badness 10000) in paragraph at lines 124--124
\OT1/cmr/bx/n/9 mea-sure-
 []


Underfull \hbox (badness 3343) in paragraph at lines 124--124
\OT1/cmr/bx/n/9 ment across
 []


Underfull \hbox (badness 10000) in paragraph at lines 124--124
\OT1/cmr/bx/n/9 Re-sis-tance
 []


Underfull \hbox (badness 10000) in paragraph at lines 124--124
[]|\OT1/cmr/bx/n/9 For
 []


Underfull \hbox (badness 10000) in paragraph at lines 124--124
[]|\OT1/cmr/bx/n/9 For
 []


Underfull \hbox (badness 10000) in paragraph at lines 124--124
[]|\OT1/cmr/bx/n/9 For
 []


Underfull \hbox (badness 10000) in paragraph at lines 124--124
[]|\OT1/cmr/bx/n/9 For
 []


Underfull \hbox (badness 10000) in paragraph at lines 124--124
[]|\OT1/cmr/bx/n/9 For
 []


Underfull \hbox (badness 10000) in paragraph at lines 124--124
[]|\OT1/cmr/bx/n/9 For
 []


Underfull \hbox (badness 10000) in paragraph at lines 124--124
[]|\OT1/cmr/bx/n/9 For
 []


Underfull \hbox (badness 10000) in paragraph at lines 124--124
[]|\OT1/cmr/bx/n/9 For
 []

<table_2.jpeg, id=23, 642.4pt x 405.515pt>
File: table_2.jpeg Graphic file (type jpg)
<use table_2.jpeg>
Package pdftex.def Info: table_2.jpeg  used on input line 133.
(pdftex.def)             Requested size: 469.75502pt x 296.54324pt.


[4 <./table_2.jpeg>]
<NT-circuit.png, id=32, 553.06625pt x 455.20062pt>
File: NT-circuit.png Graphic file (type png)
<use NT-circuit.png>
Package pdftex.def Info: NT-circuit.png  used on input line 148.
(pdftex.def)             Requested size: 375.80544pt x 309.3031pt.
<NT-KVL.png, id=34, 553.06625pt x 455.20062pt>
File: NT-KVL.png Graphic file (type png)
<use NT-KVL.png>
Package pdftex.def Info: NT-KVL.png  used on input line 159.
(pdftex.def)             Requested size: 375.80544pt x 309.3031pt.


LaTeX Warning: `!h' float specifier changed to `!ht'.



[5 <./NT-circuit.png>]

[6 <./NT-KVL.png>]
<th-1.png, id=46, 553.06625pt x 455.20062pt>
File: th-1.png Graphic file (type png)
<use th-1.png>
Package pdftex.def Info: th-1.png  used on input line 203.
(pdftex.def)             Requested size: 375.80544pt x 309.3031pt.
<th-2.png, id=47, 553.06625pt x 455.20062pt>
File: th-2.png Graphic file (type png)
<use th-2.png>
Package pdftex.def Info: th-2.png  used on input line 215.
(pdftex.def)             Requested size: 375.80544pt x 309.3031pt.


LaTeX Warning: `!h' float specifier changed to `!ht'.



[7 <./th-1.png>]
<th-3.png, id=54, 553.06625pt x 455.20062pt>
File: th-3.png Graphic file (type png)
<use th-3.png>
Package pdftex.def Info: th-3.png  used on input line 229.
(pdftex.def)             Requested size: 375.80544pt x 309.3031pt.


LaTeX Warning: `!h' float specifier changed to `!ht'.



[8 <./th-2.png>]
<n-2.png, id=60, 767.11594pt x 393.72093pt>
File: n-2.png Graphic file (type png)
<use n-2.png>
Package pdftex.def Info: n-2.png  used on input line 244.
(pdftex.def)             Requested size: 375.80544pt x 192.88289pt.


LaTeX Warning: `!h' float specifier changed to `!ht'.



[9 <./th-3.png>]
Underfull \hbox (badness 10000) in paragraph at lines 252--255

 []

<n-3.png, id=65, 884.30376pt x 716.6775pt>
File: n-3.png Graphic file (type png)
<use n-3.png>
Package pdftex.def Info: n-3.png  used on input line 259.
(pdftex.def)             Requested size: 375.80544pt x 304.5675pt.

LaTeX Warning: `!h' float specifier changed to `!ht'.



[10 <./n-2.png>]
<s-1.png, id=70, 775.39688pt x 334.24875pt>
File: s-1.png Graphic file (type png)
<use s-1.png>
Package pdftex.def Info: s-1.png  used on input line 275.
(pdftex.def)             Requested size: 375.80544pt x 161.99823pt.


LaTeX Warning: `!h' float specifier changed to `!ht'.



[11 <./n-3.png>]
<s-2.png, id=76, 775.39688pt x 334.24875pt>
File: s-2.png Graphic file (type png)
<use s-2.png>
Package pdftex.def Info: s-2.png  used on input line 288.
(pdftex.def)             Requested size: 375.80544pt x 161.99823pt.


[12 <./s-1.png> <./s-2.png>]
<s-3.png, id=83, 775.39688pt x 334.24875pt>
File: s-3.png Graphic file (type png)
<use s-3.png>
Package pdftex.def Info: s-3.png  used on input line 301.
(pdftex.def)             Requested size: 375.80544pt x 161.99823pt.


[13 <./s-3.png>] (2.0.aux)
 ***********
LaTeX2e <2025-06-01> patch level 1
L3 programming layer <2025-07-19>
 ***********


LaTeX Warning: There were multiply-defined labels.

 ) 
Here is how much of TeX's memory you used:
 2840 strings out of 468149
 43473 string characters out of 5430598
 461797 words of memory out of 5000000
 31425 multiletter control sequences out of 15000+600000
 639304 words of font info for 82 fonts, out of 8000000 for 9000
 1141 hyphenation exceptions out of 8191
 57i,16n,65p,674b,399s stack positions out of 10000i,1000n,20000p,200000b,200000s
 <C:\Users\lenovo\AppData\Local\MiKTeX\fonts/pk/ljfour/jknappen/ec/dpi600\tcb
x1440.pk><C:/Users/lenovo/AppData/Local/Programs/MiKTeX/fonts/type1/public/amsf
onts/cm/cmbx10.pfb><C:/Users/lenovo/AppData/Local/Programs/MiKTeX/fonts/type1/p
ublic/amsfonts/cm/cmbx12.pfb><C:/Users/lenovo/AppData/Local/Programs/MiKTeX/fon
ts/type1/public/amsfonts/cm/cmbx9.pfb><C:/Users/lenovo/AppData/Local/Programs/M
iKTeX/fonts/type1/public/amsfonts/cm/cmbxti10.pfb><C:/Users/lenovo/AppData/Loca
l/Programs/MiKTeX/fonts/type1/public/amsfonts/cm/cmmi10.pfb><C:/Users/lenovo/Ap
pData/Local/Programs/MiKTeX/fonts/type1/public/amsfonts/cm/cmmi12.pfb><C:/Users
/lenovo/AppData/Local/Programs/MiKTeX/fonts/type1/public/amsfonts/cm/cmmi6.pfb>
<C:/Users/lenovo/AppData/Local/Programs/MiKTeX/fonts/type1/public/amsfonts/cm/c
mmi7.pfb><C:/Users/lenovo/AppData/Local/Programs/MiKTeX/fonts/type1/public/amsf
onts/cm/cmmi8.pfb><C:/Users/lenovo/AppData/Local/Programs/MiKTeX/fonts/type1/pu
blic/amsfonts/cm/cmmi9.pfb><C:/Users/lenovo/AppData/Local/Programs/MiKTeX/fonts
/type1/public/amsfonts/cmextra/cmmib6.pfb><C:/Users/lenovo/AppData/Local/Progra
ms/MiKTeX/fonts/type1/public/amsfonts/cmextra/cmmib9.pfb><C:/Users/lenovo/AppDa
ta/Local/Programs/MiKTeX/fonts/type1/public/amsfonts/cm/cmr10.pfb><C:/Users/len
ovo/AppData/Local/Programs/MiKTeX/fonts/type1/public/amsfonts/cm/cmr12.pfb><C:/
Users/lenovo/AppData/Local/Programs/MiKTeX/fonts/type1/public/amsfonts/cm/cmr6.
pfb><C:/Users/lenovo/AppData/Local/Programs/MiKTeX/fonts/type1/public/amsfonts/
cm/cmr7.pfb><C:/Users/lenovo/AppData/Local/Programs/MiKTeX/fonts/type1/public/a
msfonts/cm/cmr8.pfb><C:/Users/lenovo/AppData/Local/Programs/MiKTeX/fonts/type1/
public/amsfonts/cm/cmr9.pfb><C:/Users/lenovo/AppData/Local/Programs/MiKTeX/font
s/type1/public/amsfonts/cm/cmsy10.pfb><C:/Users/lenovo/AppData/Local/Programs/M
iKTeX/fonts/type1/public/amsfonts/cm/cmti10.pfb><C:/Users/lenovo/AppData/Local/
Programs/MiKTeX/fonts/type1/public/amsfonts/cm/cmti12.pfb>
Output written on 2.0.pdf (13 pages, 1208290 bytes).
PDF statistics:
 180 PDF objects out of 1000 (max. 8388607)
 0 named destinations out of 1000 (max. 500000)
 66 words of extra memory for PDF output out of 10000 (max. 10000000)

